I'm sorry, but errors were detected in your script. Please correct the
errors listed below, and try again.


File "game/dse-stats.rpy", line 75: u'color' is not a keyword argument or valid child for the vbox statement.
    color "#f00"            
         ^

Ren'Py Version: Ren'Py 7.3.1.311
Mon Jul 01 02:51:44 2019
